Information: Propagating switching activity (low effort zero delay simulation). (PWR-6)
Warning: Design has unannotated primary inputs. (PWR-414)
Warning: Design has unannotated sequential cell outputs. (PWR-415)
 
****************************************
Report : power
        -analysis_effort low
Design : DLX_ADDR_SIZE32_DATA_SIZE32_IR_SIZE32_OPC_SIZE6_REGADDR_SIZE5_STACKBUS_WIDTH4
Version: F-2011.09-SP3
Date   : Sat Sep 14 21:29:25 2019
****************************************


Library(s) Used:

    NangateOpenCellLibrary (File: /home/mariagrazia.graziano/do/libnangate/NangateOpenCellLibrary_typical_ecsm.db)


Operating Conditions: typical   Library: NangateOpenCellLibrary
Wire Load Model Mode: top

Design        Wire Load Model            Library
------------------------------------------------
DLX_ADDR_SIZE32_DATA_SIZE32_IR_SIZE32_OPC_SIZE6_REGADDR_SIZE5_STACKBUS_WIDTH4
                       5K_hvratio_1_1    NangateOpenCellLibrary


Global Operating Voltage = 1.1  
Power-specific unit information :
    Voltage Units = 1V
    Capacitance Units = 1.000000ff
    Time Units = 1ns
    Dynamic Power Units = 1uW    (derived from V,C,T units)
    Leakage Power Units = 1nW


  Cell Internal Power  =  29.5494 mW  (100%)
  Net Switching Power  =  68.9055 uW    (0%)
                         ---------
Total Dynamic Power    =  29.6183 mW  (100%)

Cell Leakage Power     =   1.7089 mW


                 Internal         Switching           Leakage            Total
Power Group      Power            Power               Power              Power   (   %    )  Attrs
--------------------------------------------------------------------------------------------------
io_pad             0.0000            0.0000            0.0000            0.0000  (   0.00%)
memory             0.0000            0.0000            0.0000            0.0000  (   0.00%)
black_box          0.0000            0.0000            0.0000            0.0000  (   0.00%)
clock_network      0.0000            0.0000            0.0000            0.0000  (   0.00%)
register       2.9508e+04            6.7660        5.8069e+05        3.0096e+04  (  96.07%)
sequential         5.4109            1.5649        1.8848e+04           25.8237  (   0.08%)
combinational     35.4167           60.5748        1.1097e+06        1.2057e+03  (   3.85%)
--------------------------------------------------------------------------------------------------
Total          2.9549e+04 uW        68.9057 uW     1.7092e+06 nW     3.1327e+04 uW
1
